// Jest Snapshot v1, https://goo.gl/fbAQLP

exports[`<AddExerciseSet /> Renders correctly 1`] = `
<View
  style={
    Array [
      Object {
        "backgroundColor": "#ffffff",
        "elevation": 5,
        "flex": 1,
        "flexDirection": "row",
        "marginBottom": 4,
        "marginTop": 4,
        "shadowColor": "#000",
        "shadowOffset": Object {
          "height": 2,
          "width": 0,
        },
        "shadowOpacity": 0.25,
        "shadowRadius": 3.84,
      },
      Object {
        "alignItems": "center",
        "justifyContent": "space-between",
      },
    ]
  }
  testID="add-exercise-set-root"
>
  <View
    style={
      Object {
        "alignItems": "center",
        "flex": 6,
        "flexDirection": "row",
      }
    }
  >
    <Text
      style={
        Object {
          "flex": 1,
          "paddingLeft": 5,
        }
      }
    >
      Reps
    </Text>
    <View
      style={
        Object {
          "flex": 2,
          "height": 60,
          "width": 120,
        }
      }
    >
      <RCTPicker
        items={
          Array [
            Object {
              "label": "0",
              "textColor": undefined,
              "value": "0",
            },
            Object {
              "label": "1",
              "textColor": undefined,
              "value": "1",
            },
            Object {
              "label": "2",
              "textColor": undefined,
              "value": "2",
            },
            Object {
              "label": "3",
              "textColor": undefined,
              "value": "3",
            },
            Object {
              "label": "4",
              "textColor": undefined,
              "value": "4",
            },
            Object {
              "label": "5",
              "textColor": undefined,
              "value": "5",
            },
            Object {
              "label": "6",
              "textColor": undefined,
              "value": "6",
            },
            Object {
              "label": "7",
              "textColor": undefined,
              "value": "7",
            },
            Object {
              "label": "8",
              "textColor": undefined,
              "value": "8",
            },
            Object {
              "label": "9",
              "textColor": undefined,
              "value": "9",
            },
            Object {
              "label": "10",
              "textColor": undefined,
              "value": "10",
            },
            Object {
              "label": "11",
              "textColor": undefined,
              "value": "11",
            },
          ]
        }
        onChange={[Function]}
        onResponderTerminationRequest={[Function]}
        onStartShouldSetResponder={[Function]}
        selectedIndex={0}
        style={
          Array [
            Object {
              "height": 216,
            },
            undefined,
          ]
        }
        testID="reps-picker"
      />
    </View>
    <Text
      style={
        Object {
          "flex": 1,
        }
      }
    >
      Weight
    </Text>
    <View
      style={
        Object {
          "flex": 2,
          "height": 60,
          "width": 120,
        }
      }
    >
      <RCTPicker
        items={
          Array [
            Object {
              "label": "0",
              "textColor": undefined,
              "value": "0",
            },
            Object {
              "label": "5",
              "textColor": undefined,
              "value": "5",
            },
            Object {
              "label": "10",
              "textColor": undefined,
              "value": "10",
            },
            Object {
              "label": "15",
              "textColor": undefined,
              "value": "15",
            },
            Object {
              "label": "20",
              "textColor": undefined,
              "value": "20",
            },
            Object {
              "label": "25",
              "textColor": undefined,
              "value": "25",
            },
            Object {
              "label": "30",
              "textColor": undefined,
              "value": "30",
            },
            Object {
              "label": "35",
              "textColor": undefined,
              "value": "35",
            },
            Object {
              "label": "40",
              "textColor": undefined,
              "value": "40",
            },
            Object {
              "label": "45",
              "textColor": undefined,
              "value": "45",
            },
            Object {
              "label": "50",
              "textColor": undefined,
              "value": "50",
            },
            Object {
              "label": "55",
              "textColor": undefined,
              "value": "55",
            },
            Object {
              "label": "60",
              "textColor": undefined,
              "value": "60",
            },
            Object {
              "label": "65",
              "textColor": undefined,
              "value": "65",
            },
            Object {
              "label": "70",
              "textColor": undefined,
              "value": "70",
            },
            Object {
              "label": "75",
              "textColor": undefined,
              "value": "75",
            },
            Object {
              "label": "80",
              "textColor": undefined,
              "value": "80",
            },
            Object {
              "label": "85",
              "textColor": undefined,
              "value": "85",
            },
            Object {
              "label": "90",
              "textColor": undefined,
              "value": "90",
            },
            Object {
              "label": "95",
              "textColor": undefined,
              "value": "95",
            },
            Object {
              "label": "100",
              "textColor": undefined,
              "value": "100",
            },
            Object {
              "label": "105",
              "textColor": undefined,
              "value": "105",
            },
            Object {
              "label": "110",
              "textColor": undefined,
              "value": "110",
            },
            Object {
              "label": "115",
              "textColor": undefined,
              "value": "115",
            },
            Object {
              "label": "120",
              "textColor": undefined,
              "value": "120",
            },
            Object {
              "label": "125",
              "textColor": undefined,
              "value": "125",
            },
            Object {
              "label": "130",
              "textColor": undefined,
              "value": "130",
            },
            Object {
              "label": "135",
              "textColor": undefined,
              "value": "135",
            },
            Object {
              "label": "140",
              "textColor": undefined,
              "value": "140",
            },
            Object {
              "label": "145",
              "textColor": undefined,
              "value": "145",
            },
            Object {
              "label": "150",
              "textColor": undefined,
              "value": "150",
            },
            Object {
              "label": "155",
              "textColor": undefined,
              "value": "155",
            },
            Object {
              "label": "160",
              "textColor": undefined,
              "value": "160",
            },
            Object {
              "label": "165",
              "textColor": undefined,
              "value": "165",
            },
            Object {
              "label": "170",
              "textColor": undefined,
              "value": "170",
            },
            Object {
              "label": "175",
              "textColor": undefined,
              "value": "175",
            },
            Object {
              "label": "180",
              "textColor": undefined,
              "value": "180",
            },
            Object {
              "label": "185",
              "textColor": undefined,
              "value": "185",
            },
            Object {
              "label": "190",
              "textColor": undefined,
              "value": "190",
            },
            Object {
              "label": "195",
              "textColor": undefined,
              "value": "195",
            },
            Object {
              "label": "200",
              "textColor": undefined,
              "value": "200",
            },
            Object {
              "label": "205",
              "textColor": undefined,
              "value": "205",
            },
            Object {
              "label": "210",
              "textColor": undefined,
              "value": "210",
            },
            Object {
              "label": "215",
              "textColor": undefined,
              "value": "215",
            },
            Object {
              "label": "220",
              "textColor": undefined,
              "value": "220",
            },
            Object {
              "label": "225",
              "textColor": undefined,
              "value": "225",
            },
            Object {
              "label": "230",
              "textColor": undefined,
              "value": "230",
            },
            Object {
              "label": "235",
              "textColor": undefined,
              "value": "235",
            },
            Object {
              "label": "240",
              "textColor": undefined,
              "value": "240",
            },
            Object {
              "label": "245",
              "textColor": undefined,
              "value": "245",
            },
            Object {
              "label": "250",
              "textColor": undefined,
              "value": "250",
            },
            Object {
              "label": "255",
              "textColor": undefined,
              "value": "255",
            },
            Object {
              "label": "260",
              "textColor": undefined,
              "value": "260",
            },
            Object {
              "label": "265",
              "textColor": undefined,
              "value": "265",
            },
            Object {
              "label": "270",
              "textColor": undefined,
              "value": "270",
            },
            Object {
              "label": "275",
              "textColor": undefined,
              "value": "275",
            },
            Object {
              "label": "280",
              "textColor": undefined,
              "value": "280",
            },
            Object {
              "label": "285",
              "textColor": undefined,
              "value": "285",
            },
            Object {
              "label": "290",
              "textColor": undefined,
              "value": "290",
            },
            Object {
              "label": "295",
              "textColor": undefined,
              "value": "295",
            },
            Object {
              "label": "300",
              "textColor": undefined,
              "value": "300",
            },
            Object {
              "label": "305",
              "textColor": undefined,
              "value": "305",
            },
            Object {
              "label": "310",
              "textColor": undefined,
              "value": "310",
            },
            Object {
              "label": "315",
              "textColor": undefined,
              "value": "315",
            },
            Object {
              "label": "320",
              "textColor": undefined,
              "value": "320",
            },
            Object {
              "label": "325",
              "textColor": undefined,
              "value": "325",
            },
            Object {
              "label": "330",
              "textColor": undefined,
              "value": "330",
            },
            Object {
              "label": "335",
              "textColor": undefined,
              "value": "335",
            },
            Object {
              "label": "340",
              "textColor": undefined,
              "value": "340",
            },
            Object {
              "label": "345",
              "textColor": undefined,
              "value": "345",
            },
            Object {
              "label": "350",
              "textColor": undefined,
              "value": "350",
            },
            Object {
              "label": "355",
              "textColor": undefined,
              "value": "355",
            },
            Object {
              "label": "360",
              "textColor": undefined,
              "value": "360",
            },
            Object {
              "label": "365",
              "textColor": undefined,
              "value": "365",
            },
            Object {
              "label": "370",
              "textColor": undefined,
              "value": "370",
            },
          ]
        }
        onChange={[Function]}
        onResponderTerminationRequest={[Function]}
        onStartShouldSetResponder={[Function]}
        selectedIndex={20}
        style={
          Array [
            Object {
              "height": 216,
            },
            undefined,
          ]
        }
        testID="weight-picker"
      />
    </View>
  </View>
  <View
    style={
      Object {
        "flex": 1,
      }
    }
  >
    <View
      style={
        Array [
          Object {
            "flex": 1,
            "flexDirection": "column",
          },
          undefined,
        ]
      }
    >
      <View
        accessible={true}
        focusable={true}
        isTVSelectable={true}
        onClick={[Function]}
        onResponderGrant={[Function]}
        onResponderMove={[Function]}
        onResponderRelease={[Function]}
        onResponderTerminate={[Function]}
        onResponderTerminationRequest={[Function]}
        onStartShouldSetResponder={[Function]}
        style={
          Object {
            "alignSelf": "stretch",
            "backgroundColor": "#21897E",
            "flex": 1,
            "opacity": 1,
          }
        }
      >
        <View
          style={
            Object {
              "flex": 1,
              "justifyContent": "center",
            }
          }
        >
          <Text
            style={
              Object {
                "alignSelf": "center",
                "color": "#ffffff",
                "fontSize": 20,
              }
            }
          >
            +
          </Text>
        </View>
      </View>
    </View>
  </View>
</View>
`;
