// Jest Snapshot v1, https://goo.gl/fbAQLP

exports[`<ExercisesList /> Renders correctly 1`] = `
<View
  style={
    Object {
      "backgroundColor": "#F5FCFF",
      "flex": 1,
      "flexDirection": "column",
      "paddingTop": 5,
    }
  }
  testID="exercises-list-root"
>
  <View
    style={
      Object {
        "flex": 9,
      }
    }
  >
    <RCTScrollView
      data={
        Array [
          Object {
            "image": Object {
              "testUri": "../../../assets/squats.gif",
            },
            "instructions": "Do with a barbell",
            "key": "BwEBDwoFBgQ",
            "name": "Squats Warmup",
            "sets": Array [
              Object {
                "reps": 5,
                "weight": 45,
              },
              Object {
                "reps": 5,
                "weight": 45,
              },
              Object {
                "reps": 5,
                "weight": 95,
              },
              Object {
                "reps": 5,
                "weight": 135,
              },
              Object {
                "reps": 3,
                "weight": 185,
              },
              Object {
                "reps": 2,
                "weight": 205,
              },
            ],
          },
          Object {
            "image": Object {
              "testUri": "../../../assets/squats.gif",
            },
            "instructions": "Do with a barbell",
            "key": "Bw0ECwAKBws",
            "name": "Squats",
            "sets": Array [
              Object {
                "reps": 5,
                "weight": 230,
              },
              Object {
                "reps": 5,
                "weight": 230,
              },
              Object {
                "reps": 5,
                "weight": 230,
              },
              Object {
                "reps": 5,
                "weight": 230,
              },
              Object {
                "reps": 5,
                "weight": 230,
              },
            ],
          },
          Object {
            "image": Object {
              "testUri": "../../../assets/bench-press.gif",
            },
            "instructions": "Do with a barbell",
            "key": "BwwBDAIJDgw",
            "name": "Bench Press Warmup",
            "sets": Array [
              Object {
                "reps": 5,
                "weight": 45,
              },
              Object {
                "reps": 5,
                "weight": 45,
              },
              Object {
                "reps": 5,
                "weight": 95,
              },
              Object {
                "reps": 3,
                "weight": 135,
              },
            ],
          },
          Object {
            "image": Object {
              "testUri": "../../../assets/bench-press.gif",
            },
            "instructions": "Do with a barbell",
            "key": "DgcBCA8BCQo",
            "name": "Bench Press",
            "sets": Array [
              Object {
                "reps": 5,
                "weight": 165,
              },
              Object {
                "reps": 5,
                "weight": 165,
              },
              Object {
                "reps": 5,
                "weight": 165,
              },
              Object {
                "reps": 5,
                "weight": 165,
              },
              Object {
                "reps": 5,
                "weight": 165,
              },
            ],
          },
          Object {
            "image": Object {
              "testUri": "../../../assets/shoulder-press.gif",
            },
            "instructions": "Do with a barbell",
            "key": "DwcACw4PCgI",
            "name": "Overhead Press Warmup",
            "sets": Array [
              Object {
                "reps": 5,
                "weight": 45,
              },
              Object {
                "reps": 5,
                "weight": 45,
              },
              Object {
                "reps": 3,
                "weight": 75,
              },
            ],
          },
          Object {
            "image": Object {
              "testUri": "../../../assets/shoulder-press.gif",
            },
            "instructions": "Do with a barbell",
            "key": "CAMBAwsFBwQ",
            "name": "Overhead Press",
            "sets": Array [
              Object {
                "reps": 5,
                "weight": 110,
              },
              Object {
                "reps": 5,
                "weight": 110,
              },
              Object {
                "reps": 5,
                "weight": 110,
              },
              Object {
                "reps": 5,
                "weight": 110,
              },
              Object {
                "reps": 5,
                "weight": 110,
              },
            ],
          },
          Object {
            "image": Object {
              "testUri": "../../../assets/barbell-row.gif",
            },
            "instructions": "Do with a barbell",
            "key": "BwYGAw0NDwo",
            "name": "Barbell Row Warmup",
            "sets": Array [
              Object {
                "reps": 5,
                "weight": 95,
              },
            ],
          },
          Object {
            "image": Object {
              "testUri": "../../../assets/barbell-row.gif",
            },
            "instructions": "Do with a barbell",
            "key": "BwQKAwYKAgA",
            "name": "Barbell Row",
            "sets": Array [
              Object {
                "reps": 5,
                "weight": 115,
              },
              Object {
                "reps": 5,
                "weight": 115,
              },
              Object {
                "reps": 5,
                "weight": 115,
              },
              Object {
                "reps": 5,
                "weight": 115,
              },
              Object {
                "reps": 5,
                "weight": 115,
              },
            ],
          },
          Object {
            "image": Object {
              "testUri": "../../../assets/deadlift.gif",
            },
            "instructions": "Do with a barbell",
            "key": "AQcNAQkBCwo",
            "name": "Deadlifts Warmup",
            "sets": Array [
              Object {
                "reps": 5,
                "weight": 135,
              },
              Object {
                "reps": 5,
                "weight": 185,
              },
              Object {
                "reps": 5,
                "weight": 205,
              },
            ],
          },
          Object {
            "image": Object {
              "testUri": "../../../assets/deadlift.gif",
            },
            "instructions": "Do with a barbell",
            "key": "DAYCDAQKAw4",
            "name": "Deadlifts",
            "sets": Array [
              Object {
                "reps": 5,
                "weight": 225,
              },
            ],
          },
        ]
      }
      disableVirtualization={false}
      getItem={[Function]}
      getItemCount={[Function]}
      horizontal={false}
      initialNumToRender={10}
      keyExtractor={[Function]}
      maxToRenderPerBatch={10}
      numColumns={1}
      onContentSizeChange={[Function]}
      onEndReachedThreshold={2}
      onLayout={[Function]}
      onMomentumScrollEnd={[Function]}
      onScroll={[Function]}
      onScrollBeginDrag={[Function]}
      onScrollEndDrag={[Function]}
      removeClippedSubviews={false}
      renderItem={[Function]}
      scrollEventThrottle={50}
      stickyHeaderIndices={Array []}
      updateCellsBatchingPeriod={50}
      viewabilityConfigCallbackPairs={Array []}
      windowSize={21}
    >
      <View>
        <View
          onLayout={[Function]}
          style={null}
        >
          <View
            style={
              Object {
                "backgroundColor": "#ffffff",
                "elevation": 5,
                "flex": 1,
                "flexDirection": "row",
                "marginBottom": 4,
                "marginTop": 4,
                "shadowColor": "#000",
                "shadowOffset": Object {
                  "height": 2,
                  "width": 0,
                },
                "shadowOpacity": 0.25,
                "shadowRadius": 3.84,
              }
            }
          >
            <View
              style={
                Object {
                  "flex": 4,
                  "flexDirection": "column",
                  "padding": 10,
                }
              }
            >
              <Text
                style={
                  Object {
                    "flex": 1,
                    "fontSize": 18,
                  }
                }
              >
                Squats Warmup
              </Text>
              <Text
                style={
                  Object {
                    "flex": 4,
                    "marginTop": 15,
                  }
                }
              >
                Do with a barbell
              </Text>
            </View>
            <View
              style={
                Array [
                  Object {
                    "flex": 1,
                    "flexDirection": "column",
                  },
                  undefined,
                ]
              }
            >
              <View
                accessible={true}
                focusable={true}
                isTVSelectable={true}
                onClick={[Function]}
                onResponderGrant={[Function]}
                onResponderMove={[Function]}
                onResponderRelease={[Function]}
                onResponderTerminate={[Function]}
                onResponderTerminationRequest={[Function]}
                onStartShouldSetResponder={[Function]}
                style={
                  Object {
                    "alignSelf": "stretch",
                    "backgroundColor": "#21897E",
                    "flex": 1,
                    "opacity": 1,
                  }
                }
              >
                <View
                  style={
                    Object {
                      "flex": 1,
                      "justifyContent": "center",
                    }
                  }
                >
                  <Text
                    style={
                      Object {
                        "alignSelf": "center",
                        "color": "#ffffff",
                        "fontSize": 20,
                      }
                    }
                  >
                    Edit
                  </Text>
                </View>
              </View>
            </View>
          </View>
        </View>
        <View
          onLayout={[Function]}
          style={null}
        >
          <View
            style={
              Object {
                "backgroundColor": "#ffffff",
                "elevation": 5,
                "flex": 1,
                "flexDirection": "row",
                "marginBottom": 4,
                "marginTop": 4,
                "shadowColor": "#000",
                "shadowOffset": Object {
                  "height": 2,
                  "width": 0,
                },
                "shadowOpacity": 0.25,
                "shadowRadius": 3.84,
              }
            }
          >
            <View
              style={
                Object {
                  "flex": 4,
                  "flexDirection": "column",
                  "padding": 10,
                }
              }
            >
              <Text
                style={
                  Object {
                    "flex": 1,
                    "fontSize": 18,
                  }
                }
              >
                Squats
              </Text>
              <Text
                style={
                  Object {
                    "flex": 4,
                    "marginTop": 15,
                  }
                }
              >
                Do with a barbell
              </Text>
            </View>
            <View
              style={
                Array [
                  Object {
                    "flex": 1,
                    "flexDirection": "column",
                  },
                  undefined,
                ]
              }
            >
              <View
                accessible={true}
                focusable={true}
                isTVSelectable={true}
                onClick={[Function]}
                onResponderGrant={[Function]}
                onResponderMove={[Function]}
                onResponderRelease={[Function]}
                onResponderTerminate={[Function]}
                onResponderTerminationRequest={[Function]}
                onStartShouldSetResponder={[Function]}
                style={
                  Object {
                    "alignSelf": "stretch",
                    "backgroundColor": "#21897E",
                    "flex": 1,
                    "opacity": 1,
                  }
                }
              >
                <View
                  style={
                    Object {
                      "flex": 1,
                      "justifyContent": "center",
                    }
                  }
                >
                  <Text
                    style={
                      Object {
                        "alignSelf": "center",
                        "color": "#ffffff",
                        "fontSize": 20,
                      }
                    }
                  >
                    Edit
                  </Text>
                </View>
              </View>
            </View>
          </View>
        </View>
        <View
          onLayout={[Function]}
          style={null}
        >
          <View
            style={
              Object {
                "backgroundColor": "#ffffff",
                "elevation": 5,
                "flex": 1,
                "flexDirection": "row",
                "marginBottom": 4,
                "marginTop": 4,
                "shadowColor": "#000",
                "shadowOffset": Object {
                  "height": 2,
                  "width": 0,
                },
                "shadowOpacity": 0.25,
                "shadowRadius": 3.84,
              }
            }
          >
            <View
              style={
                Object {
                  "flex": 4,
                  "flexDirection": "column",
                  "padding": 10,
                }
              }
            >
              <Text
                style={
                  Object {
                    "flex": 1,
                    "fontSize": 18,
                  }
                }
              >
                Bench Press Warmup
              </Text>
              <Text
                style={
                  Object {
                    "flex": 4,
                    "marginTop": 15,
                  }
                }
              >
                Do with a barbell
              </Text>
            </View>
            <View
              style={
                Array [
                  Object {
                    "flex": 1,
                    "flexDirection": "column",
                  },
                  undefined,
                ]
              }
            >
              <View
                accessible={true}
                focusable={true}
                isTVSelectable={true}
                onClick={[Function]}
                onResponderGrant={[Function]}
                onResponderMove={[Function]}
                onResponderRelease={[Function]}
                onResponderTerminate={[Function]}
                onResponderTerminationRequest={[Function]}
                onStartShouldSetResponder={[Function]}
                style={
                  Object {
                    "alignSelf": "stretch",
                    "backgroundColor": "#21897E",
                    "flex": 1,
                    "opacity": 1,
                  }
                }
              >
                <View
                  style={
                    Object {
                      "flex": 1,
                      "justifyContent": "center",
                    }
                  }
                >
                  <Text
                    style={
                      Object {
                        "alignSelf": "center",
                        "color": "#ffffff",
                        "fontSize": 20,
                      }
                    }
                  >
                    Edit
                  </Text>
                </View>
              </View>
            </View>
          </View>
        </View>
        <View
          onLayout={[Function]}
          style={null}
        >
          <View
            style={
              Object {
                "backgroundColor": "#ffffff",
                "elevation": 5,
                "flex": 1,
                "flexDirection": "row",
                "marginBottom": 4,
                "marginTop": 4,
                "shadowColor": "#000",
                "shadowOffset": Object {
                  "height": 2,
                  "width": 0,
                },
                "shadowOpacity": 0.25,
                "shadowRadius": 3.84,
              }
            }
          >
            <View
              style={
                Object {
                  "flex": 4,
                  "flexDirection": "column",
                  "padding": 10,
                }
              }
            >
              <Text
                style={
                  Object {
                    "flex": 1,
                    "fontSize": 18,
                  }
                }
              >
                Bench Press
              </Text>
              <Text
                style={
                  Object {
                    "flex": 4,
                    "marginTop": 15,
                  }
                }
              >
                Do with a barbell
              </Text>
            </View>
            <View
              style={
                Array [
                  Object {
                    "flex": 1,
                    "flexDirection": "column",
                  },
                  undefined,
                ]
              }
            >
              <View
                accessible={true}
                focusable={true}
                isTVSelectable={true}
                onClick={[Function]}
                onResponderGrant={[Function]}
                onResponderMove={[Function]}
                onResponderRelease={[Function]}
                onResponderTerminate={[Function]}
                onResponderTerminationRequest={[Function]}
                onStartShouldSetResponder={[Function]}
                style={
                  Object {
                    "alignSelf": "stretch",
                    "backgroundColor": "#21897E",
                    "flex": 1,
                    "opacity": 1,
                  }
                }
              >
                <View
                  style={
                    Object {
                      "flex": 1,
                      "justifyContent": "center",
                    }
                  }
                >
                  <Text
                    style={
                      Object {
                        "alignSelf": "center",
                        "color": "#ffffff",
                        "fontSize": 20,
                      }
                    }
                  >
                    Edit
                  </Text>
                </View>
              </View>
            </View>
          </View>
        </View>
        <View
          onLayout={[Function]}
          style={null}
        >
          <View
            style={
              Object {
                "backgroundColor": "#ffffff",
                "elevation": 5,
                "flex": 1,
                "flexDirection": "row",
                "marginBottom": 4,
                "marginTop": 4,
                "shadowColor": "#000",
                "shadowOffset": Object {
                  "height": 2,
                  "width": 0,
                },
                "shadowOpacity": 0.25,
                "shadowRadius": 3.84,
              }
            }
          >
            <View
              style={
                Object {
                  "flex": 4,
                  "flexDirection": "column",
                  "padding": 10,
                }
              }
            >
              <Text
                style={
                  Object {
                    "flex": 1,
                    "fontSize": 18,
                  }
                }
              >
                Overhead Press Warmup
              </Text>
              <Text
                style={
                  Object {
                    "flex": 4,
                    "marginTop": 15,
                  }
                }
              >
                Do with a barbell
              </Text>
            </View>
            <View
              style={
                Array [
                  Object {
                    "flex": 1,
                    "flexDirection": "column",
                  },
                  undefined,
                ]
              }
            >
              <View
                accessible={true}
                focusable={true}
                isTVSelectable={true}
                onClick={[Function]}
                onResponderGrant={[Function]}
                onResponderMove={[Function]}
                onResponderRelease={[Function]}
                onResponderTerminate={[Function]}
                onResponderTerminationRequest={[Function]}
                onStartShouldSetResponder={[Function]}
                style={
                  Object {
                    "alignSelf": "stretch",
                    "backgroundColor": "#21897E",
                    "flex": 1,
                    "opacity": 1,
                  }
                }
              >
                <View
                  style={
                    Object {
                      "flex": 1,
                      "justifyContent": "center",
                    }
                  }
                >
                  <Text
                    style={
                      Object {
                        "alignSelf": "center",
                        "color": "#ffffff",
                        "fontSize": 20,
                      }
                    }
                  >
                    Edit
                  </Text>
                </View>
              </View>
            </View>
          </View>
        </View>
        <View
          onLayout={[Function]}
          style={null}
        >
          <View
            style={
              Object {
                "backgroundColor": "#ffffff",
                "elevation": 5,
                "flex": 1,
                "flexDirection": "row",
                "marginBottom": 4,
                "marginTop": 4,
                "shadowColor": "#000",
                "shadowOffset": Object {
                  "height": 2,
                  "width": 0,
                },
                "shadowOpacity": 0.25,
                "shadowRadius": 3.84,
              }
            }
          >
            <View
              style={
                Object {
                  "flex": 4,
                  "flexDirection": "column",
                  "padding": 10,
                }
              }
            >
              <Text
                style={
                  Object {
                    "flex": 1,
                    "fontSize": 18,
                  }
                }
              >
                Overhead Press
              </Text>
              <Text
                style={
                  Object {
                    "flex": 4,
                    "marginTop": 15,
                  }
                }
              >
                Do with a barbell
              </Text>
            </View>
            <View
              style={
                Array [
                  Object {
                    "flex": 1,
                    "flexDirection": "column",
                  },
                  undefined,
                ]
              }
            >
              <View
                accessible={true}
                focusable={true}
                isTVSelectable={true}
                onClick={[Function]}
                onResponderGrant={[Function]}
                onResponderMove={[Function]}
                onResponderRelease={[Function]}
                onResponderTerminate={[Function]}
                onResponderTerminationRequest={[Function]}
                onStartShouldSetResponder={[Function]}
                style={
                  Object {
                    "alignSelf": "stretch",
                    "backgroundColor": "#21897E",
                    "flex": 1,
                    "opacity": 1,
                  }
                }
              >
                <View
                  style={
                    Object {
                      "flex": 1,
                      "justifyContent": "center",
                    }
                  }
                >
                  <Text
                    style={
                      Object {
                        "alignSelf": "center",
                        "color": "#ffffff",
                        "fontSize": 20,
                      }
                    }
                  >
                    Edit
                  </Text>
                </View>
              </View>
            </View>
          </View>
        </View>
        <View
          onLayout={[Function]}
          style={null}
        >
          <View
            style={
              Object {
                "backgroundColor": "#ffffff",
                "elevation": 5,
                "flex": 1,
                "flexDirection": "row",
                "marginBottom": 4,
                "marginTop": 4,
                "shadowColor": "#000",
                "shadowOffset": Object {
                  "height": 2,
                  "width": 0,
                },
                "shadowOpacity": 0.25,
                "shadowRadius": 3.84,
              }
            }
          >
            <View
              style={
                Object {
                  "flex": 4,
                  "flexDirection": "column",
                  "padding": 10,
                }
              }
            >
              <Text
                style={
                  Object {
                    "flex": 1,
                    "fontSize": 18,
                  }
                }
              >
                Barbell Row Warmup
              </Text>
              <Text
                style={
                  Object {
                    "flex": 4,
                    "marginTop": 15,
                  }
                }
              >
                Do with a barbell
              </Text>
            </View>
            <View
              style={
                Array [
                  Object {
                    "flex": 1,
                    "flexDirection": "column",
                  },
                  undefined,
                ]
              }
            >
              <View
                accessible={true}
                focusable={true}
                isTVSelectable={true}
                onClick={[Function]}
                onResponderGrant={[Function]}
                onResponderMove={[Function]}
                onResponderRelease={[Function]}
                onResponderTerminate={[Function]}
                onResponderTerminationRequest={[Function]}
                onStartShouldSetResponder={[Function]}
                style={
                  Object {
                    "alignSelf": "stretch",
                    "backgroundColor": "#21897E",
                    "flex": 1,
                    "opacity": 1,
                  }
                }
              >
                <View
                  style={
                    Object {
                      "flex": 1,
                      "justifyContent": "center",
                    }
                  }
                >
                  <Text
                    style={
                      Object {
                        "alignSelf": "center",
                        "color": "#ffffff",
                        "fontSize": 20,
                      }
                    }
                  >
                    Edit
                  </Text>
                </View>
              </View>
            </View>
          </View>
        </View>
        <View
          onLayout={[Function]}
          style={null}
        >
          <View
            style={
              Object {
                "backgroundColor": "#ffffff",
                "elevation": 5,
                "flex": 1,
                "flexDirection": "row",
                "marginBottom": 4,
                "marginTop": 4,
                "shadowColor": "#000",
                "shadowOffset": Object {
                  "height": 2,
                  "width": 0,
                },
                "shadowOpacity": 0.25,
                "shadowRadius": 3.84,
              }
            }
          >
            <View
              style={
                Object {
                  "flex": 4,
                  "flexDirection": "column",
                  "padding": 10,
                }
              }
            >
              <Text
                style={
                  Object {
                    "flex": 1,
                    "fontSize": 18,
                  }
                }
              >
                Barbell Row
              </Text>
              <Text
                style={
                  Object {
                    "flex": 4,
                    "marginTop": 15,
                  }
                }
              >
                Do with a barbell
              </Text>
            </View>
            <View
              style={
                Array [
                  Object {
                    "flex": 1,
                    "flexDirection": "column",
                  },
                  undefined,
                ]
              }
            >
              <View
                accessible={true}
                focusable={true}
                isTVSelectable={true}
                onClick={[Function]}
                onResponderGrant={[Function]}
                onResponderMove={[Function]}
                onResponderRelease={[Function]}
                onResponderTerminate={[Function]}
                onResponderTerminationRequest={[Function]}
                onStartShouldSetResponder={[Function]}
                style={
                  Object {
                    "alignSelf": "stretch",
                    "backgroundColor": "#21897E",
                    "flex": 1,
                    "opacity": 1,
                  }
                }
              >
                <View
                  style={
                    Object {
                      "flex": 1,
                      "justifyContent": "center",
                    }
                  }
                >
                  <Text
                    style={
                      Object {
                        "alignSelf": "center",
                        "color": "#ffffff",
                        "fontSize": 20,
                      }
                    }
                  >
                    Edit
                  </Text>
                </View>
              </View>
            </View>
          </View>
        </View>
        <View
          onLayout={[Function]}
          style={null}
        >
          <View
            style={
              Object {
                "backgroundColor": "#ffffff",
                "elevation": 5,
                "flex": 1,
                "flexDirection": "row",
                "marginBottom": 4,
                "marginTop": 4,
                "shadowColor": "#000",
                "shadowOffset": Object {
                  "height": 2,
                  "width": 0,
                },
                "shadowOpacity": 0.25,
                "shadowRadius": 3.84,
              }
            }
          >
            <View
              style={
                Object {
                  "flex": 4,
                  "flexDirection": "column",
                  "padding": 10,
                }
              }
            >
              <Text
                style={
                  Object {
                    "flex": 1,
                    "fontSize": 18,
                  }
                }
              >
                Deadlifts Warmup
              </Text>
              <Text
                style={
                  Object {
                    "flex": 4,
                    "marginTop": 15,
                  }
                }
              >
                Do with a barbell
              </Text>
            </View>
            <View
              style={
                Array [
                  Object {
                    "flex": 1,
                    "flexDirection": "column",
                  },
                  undefined,
                ]
              }
            >
              <View
                accessible={true}
                focusable={true}
                isTVSelectable={true}
                onClick={[Function]}
                onResponderGrant={[Function]}
                onResponderMove={[Function]}
                onResponderRelease={[Function]}
                onResponderTerminate={[Function]}
                onResponderTerminationRequest={[Function]}
                onStartShouldSetResponder={[Function]}
                style={
                  Object {
                    "alignSelf": "stretch",
                    "backgroundColor": "#21897E",
                    "flex": 1,
                    "opacity": 1,
                  }
                }
              >
                <View
                  style={
                    Object {
                      "flex": 1,
                      "justifyContent": "center",
                    }
                  }
                >
                  <Text
                    style={
                      Object {
                        "alignSelf": "center",
                        "color": "#ffffff",
                        "fontSize": 20,
                      }
                    }
                  >
                    Edit
                  </Text>
                </View>
              </View>
            </View>
          </View>
        </View>
        <View
          onLayout={[Function]}
          style={null}
        >
          <View
            style={
              Object {
                "backgroundColor": "#ffffff",
                "elevation": 5,
                "flex": 1,
                "flexDirection": "row",
                "marginBottom": 4,
                "marginTop": 4,
                "shadowColor": "#000",
                "shadowOffset": Object {
                  "height": 2,
                  "width": 0,
                },
                "shadowOpacity": 0.25,
                "shadowRadius": 3.84,
              }
            }
          >
            <View
              style={
                Object {
                  "flex": 4,
                  "flexDirection": "column",
                  "padding": 10,
                }
              }
            >
              <Text
                style={
                  Object {
                    "flex": 1,
                    "fontSize": 18,
                  }
                }
              >
                Deadlifts
              </Text>
              <Text
                style={
                  Object {
                    "flex": 4,
                    "marginTop": 15,
                  }
                }
              >
                Do with a barbell
              </Text>
            </View>
            <View
              style={
                Array [
                  Object {
                    "flex": 1,
                    "flexDirection": "column",
                  },
                  undefined,
                ]
              }
            >
              <View
                accessible={true}
                focusable={true}
                isTVSelectable={true}
                onClick={[Function]}
                onResponderGrant={[Function]}
                onResponderMove={[Function]}
                onResponderRelease={[Function]}
                onResponderTerminate={[Function]}
                onResponderTerminationRequest={[Function]}
                onStartShouldSetResponder={[Function]}
                style={
                  Object {
                    "alignSelf": "stretch",
                    "backgroundColor": "#21897E",
                    "flex": 1,
                    "opacity": 1,
                  }
                }
              >
                <View
                  style={
                    Object {
                      "flex": 1,
                      "justifyContent": "center",
                    }
                  }
                >
                  <Text
                    style={
                      Object {
                        "alignSelf": "center",
                        "color": "#ffffff",
                        "fontSize": 20,
                      }
                    }
                  >
                    Edit
                  </Text>
                </View>
              </View>
            </View>
          </View>
        </View>
      </View>
    </RCTScrollView>
  </View>
</View>
`;
