// Jest Snapshot v1, https://goo.gl/fbAQLP

exports[`<SessionsList /> Renders correctly 1`] = `
<View
  style={
    Object {
      "backgroundColor": "#F5FCFF",
      "flex": 1,
      "flexDirection": "column",
      "paddingTop": 5,
    }
  }
  testID="sessions-list-root"
>
  <View
    style={
      Object {
        "flex": 9,
      }
    }
  >
    <RCTScrollView
      data={
        Array [
          Object {
            "exercises": Array [],
            "key": "BwgFDQ8CCg8",
            "name": "new ...date",
            "workoutKeys": Array [],
          },
        ]
      }
      disableVirtualization={false}
      extraData="tFI_8PPX"
      getItem={[Function]}
      getItemCount={[Function]}
      horizontal={false}
      initialNumToRender={10}
      keyExtractor={[Function]}
      maxToRenderPerBatch={10}
      numColumns={1}
      onContentSizeChange={[Function]}
      onEndReachedThreshold={2}
      onLayout={[Function]}
      onMomentumScrollEnd={[Function]}
      onScroll={[Function]}
      onScrollBeginDrag={[Function]}
      onScrollEndDrag={[Function]}
      removeClippedSubviews={false}
      renderItem={[Function]}
      scrollEventThrottle={50}
      stickyHeaderIndices={Array []}
      updateCellsBatchingPeriod={50}
      viewabilityConfigCallbackPairs={Array []}
      windowSize={21}
    >
      <View>
        <View
          onLayout={[Function]}
          style={null}
        >
          <View
            style={
              Object {
                "backgroundColor": "#ffffff",
                "elevation": 5,
                "flex": 1,
                "flexDirection": "row",
                "marginBottom": 4,
                "marginTop": 4,
                "shadowColor": "#000",
                "shadowOffset": Object {
                  "height": 2,
                  "width": 0,
                },
                "shadowOpacity": 0.25,
                "shadowRadius": 3.84,
              }
            }
          >
            <View
              style={
                Object {
                  "flex": 4,
                  "flexDirection": "column",
                  "padding": 10,
                }
              }
            >
              <Text
                style={
                  Object {
                    "flex": 1,
                    "fontSize": 18,
                  }
                }
              >
                new ...date
              </Text>
              <Text
                style={
                  Object {
                    "flex": 4,
                    "marginTop": 15,
                  }
                }
              >
                Other content
              </Text>
            </View>
            <View
              style={
                Array [
                  Object {
                    "flex": 1,
                    "flexDirection": "column",
                  },
                  undefined,
                ]
              }
            >
              <View
                accessible={true}
                isTVSelectable={true}
                onResponderGrant={[Function]}
                onResponderMove={[Function]}
                onResponderRelease={[Function]}
                onResponderTerminate={[Function]}
                onResponderTerminationRequest={[Function]}
                onStartShouldSetResponder={[Function]}
                style={
                  Object {
                    "alignSelf": "stretch",
                    "backgroundColor": "#21897E",
                    "flex": 1,
                    "opacity": 1,
                  }
                }
              >
                <View
                  style={
                    Object {
                      "flex": 1,
                      "justifyContent": "center",
                    }
                  }
                >
                  <Text
                    style={
                      Object {
                        "alignSelf": "center",
                        "color": "#ffffff",
                        "fontSize": 20,
                      }
                    }
                  >
                    Edit
                  </Text>
                </View>
              </View>
            </View>
          </View>
        </View>
      </View>
    </RCTScrollView>
  </View>
</View>
`;
